
> ui@0.1.0 build
> next build

  Γû▓ Next.js 14.2.35
  - Environments: .env.local

   Creating an optimized production build ...
 Γ£ô Compiled successfully
   Linting and checking validity of types ...
node.exe : 
At line:1 char:1
+ & "C:\Program 
Files\nodejs/node.exe" 
"C:\Program 
Files\nodejs/node_mo ...
+ ~~~~~~~~~~~~~~~~~~~~~~~~~~~~
~~~~~~~~~~~~~~~~~~~~~~~~~~~~~~
~~~~~~~~~~~
    + CategoryInfo          : 
    NotSpecified: (:String)   
  [], RemoteException
    + FullyQualifiedErrorId : 
    NativeCommandError
 
Failed to compile.

./app/admin/page.tsx
34:19  Error: 'setUsers' is 
assigned a value but never 
used.  @typescript-eslint/no-u
nused-vars
44:26  Error: 'email' is 
defined but never used.  @type
script-eslint/no-unused-vars
60:95  Error: Unexpected any. 
Specify a different type.  @ty
pescript-eslint/no-explicit-an
y

./app/api/auth/[...nextauth]/r
oute.ts
34:45  Error: Unexpected any. 
Specify a different type.  @ty
pescript-eslint/no-explicit-an
y
43:43  Error: Unexpected any. 
Specify a different type.  @ty
pescript-eslint/no-explicit-an
y
45:34  Error: Unexpected any. 
Specify a different type.  @ty
pescript-eslint/no-explicit-an
y
46:34  Error: Unexpected any. 
Specify a different type.  @ty
pescript-eslint/no-explicit-an
y

./app/auth/signin/page.tsx
9:19  Error: 'session' is 
assigned a value but never 
used.  @typescript-eslint/no-u
nused-vars

./app/page.tsx
147:33  Error: Unexpected 
any. Specify a different 
type.  @typescript-eslint/no-e
xplicit-any

./components/ChatWindow.tsx
47:45  Error: Unexpected any. 
Specify a different type.  @ty
pescript-eslint/no-explicit-an
y

./components/DocumentUpload.ts
x
27:53  Error: Unexpected any. 
Specify a different type.  @ty
pescript-eslint/no-explicit-an
y
75:45  Error: Unexpected any. 
Specify a different type.  @ty
pescript-eslint/no-explicit-an
y
87:18  Error: 'err' is 
defined but never used.  @type
script-eslint/no-unused-vars
107:45  Error: Unexpected 
any. Specify a different 
type.  @typescript-eslint/no-e
xplicit-any
127:23  Error: Unexpected 
any. Specify a different 
type.  @typescript-eslint/no-e
xplicit-any
203:79  Error: `"` can be 
escaped with `&quot;`, 
`&ldquo;`, `&#34;`, 
`&rdquo;`.  
react/no-unescaped-entities
203:102  Error: `"` can be 
escaped with `&quot;`, 
`&ldquo;`, `&#34;`, 
`&rdquo;`.  
react/no-unescaped-entities

./components/UserInvite.tsx
25:45  Error: Unexpected any. 
Specify a different type.  @ty
pescript-eslint/no-explicit-an
y
44:23  Error: Unexpected any. 
Specify a different type.  @ty
pescript-eslint/no-explicit-an
y

./lib/api.ts
20:18  Error: 'e' is defined 
but never used.  @typescript-e
slint/no-unused-vars

info  - Need to disable some 
ESLint rules? Learn more 
here: https://nextjs.org/docs/
basic-features/eslint#disablin
g-rules
